// Jest Snapshot v1, https://goo.gl/fbAQLP

exports[`<ChatList /> renders correctly  1`] = `
<ul
  className="MuiList-root-9 MuiList-padding-10 ChatList-chatsList-7"
>
  ChatListItem-12345
  ChatListItem-34567
</ul>
`;
